<ElementContainer activeResult="-1">
 <ContainerPharmacophores>
  <alignmentElement name="" id="alignmentElement0" flagCode="111000000">
   <pharmacophore name="" id="pharmacophore0" pharmacophoreType="LIGAND_SCOUT">
    <point name="H" featureId="1" optional="false" disabled="false" weight="1.000000" id="feature0">
     <position x3="28.532583" y3="14.177302" z3="15.227080" tolerance="1.500000" />
    </point>
    <point name="H" featureId="2" optional="false" disabled="false" weight="1.000000" id="feature1">
     <position x3="29.260784" y3="11.546776" z3="14.690523" tolerance="1.500000" />
    </point>
    <point name="H" featureId="3" optional="false" disabled="false" weight="1.000000" id="feature2">
     <position x3="25.614904" y3="10.068927" z3="9.236705" tolerance="1.500000" />
    </point>
    <vector name="HBD" featureId="4" optional="false" disabled="false" weight="1.000000" id="feature3" hasSyntheticProjectedPoint="false" pointsToLigand="false">
     <origin x3="26.550000" y3="15.569000" z3="13.408000" tolerance="1.500000" />
     <target x3="25.103000" y3="18.159000" z3="13.412000" tolerance="2.250000" />
    </vector>
    <vector name="HBD" featureId="5" optional="false" disabled="false" weight="1.000000" id="feature4" hasSyntheticProjectedPoint="false" pointsToLigand="false">
     <origin x3="26.190000" y3="12.220000" z3="10.624000" tolerance="1.500000" />
     <target x3="24.487000" y3="14.204000" z3="8.555000" tolerance="2.250000" />
    </vector>
    <vector name="HBD" featureId="6" optional="false" disabled="false" weight="1.000000" id="feature5" hasSyntheticProjectedPoint="false" pointsToLigand="false">
     <origin x3="27.428000" y3="6.577000" z3="6.750000" tolerance="1.500000" />
     <target x3="29.815000" y3="8.014000" z3="7.967000" tolerance="2.250000" />
    </vector>
    <vector name="HBA" featureId="7" optional="false" disabled="false" weight="1.000000" id="feature6" hasSyntheticProjectedPoint="false" pointsToLigand="true">
     <target x3="25.261000" y3="14.873000" z3="11.572000" tolerance="1.500000" />
     <origin x3="24.278000" y3="16.630000" z3="9.644000" tolerance="2.250000" />
    </vector>
    <vector name="HBA" featureId="8" optional="false" disabled="false" weight="1.000000" id="feature7" hasSyntheticProjectedPoint="false" pointsToLigand="true">
     <target x3="26.331000" y3="8.456000" z3="5.564000" tolerance="1.500000" />
     <origin x3="28.748000" y3="11.001000" z3="5.832000" tolerance="2.250000" />
    </vector>
    <vector name="HBA" featureId="9" optional="false" disabled="false" weight="1.000000" id="feature8" hasSyntheticProjectedPoint="false" pointsToLigand="true">
     <target x3="26.331000" y3="8.456000" z3="5.564000" tolerance="1.500000" />
     <origin x3="23.900000" y3="9.535000" z3="3.729000" tolerance="2.250000" />
    </vector>
    <volume type="exclusion" featureId="10" optional="false" disabled="false" weight="1.000000" id="feature9">
     <position x3="28.496182" y3="17.502634" z3="18.923303" tolerance="1.500000" />
    </volume>
    <volume type="exclusion" featureId="11" optional="false" disabled="false" weight="1.000000" id="feature10">
     <position x3="26.184500" y3="10.566500" z3="17.115000" tolerance="1.500000" />
    </volume>
    <volume type="exclusion" featureId="12" optional="false" disabled="false" weight="1.000000" id="feature11">
     <position x3="29.572000" y3="18.720000" z3="12.950500" tolerance="1.500000" />
    </volume>
    <volume type="exclusion" featureId="13" optional="false" disabled="false" weight="1.000000" id="feature12">
     <position x3="29.411478" y3="14.323655" z3="10.125689" tolerance="1.500000" />
    </volume>
    <volume type="exclusion" featureId="14" optional="false" disabled="false" weight="1.000000" id="feature13">
     <position x3="25.087000" y3="9.102000" z3="12.509000" tolerance="1.500000" />
    </volume>
    <volume type="exclusion" featureId="15" optional="false" disabled="false" weight="1.000000" id="feature14">
     <position x3="22.897000" y3="11.017000" z3="13.365000" tolerance="1.500000" />
    </volume>
    <volume type="exclusion" featureId="16" optional="false" disabled="false" weight="1.000000" id="feature15">
     <position x3="25.103000" y3="18.159000" z3="13.412000" tolerance="0.780925" />
    </volume>
    <volume type="exclusion" featureId="17" optional="false" disabled="false" weight="1.000000" id="feature16">
     <position x3="24.487000" y3="14.204000" z3="8.555000" tolerance="1.000000" />
    </volume>
    <volume type="exclusion" featureId="18" optional="false" disabled="false" weight="1.000000" id="feature17">
     <position x3="29.815000" y3="8.014000" z3="7.967000" tolerance="1.000000" />
    </volume>
    <volume type="exclusion" featureId="19" optional="false" disabled="false" weight="1.000000" id="feature18">
     <position x3="24.278000" y3="16.630000" z3="9.644000" tolerance="1.000000" />
    </volume>
    <volume type="exclusion" featureId="20" optional="false" disabled="false" weight="1.000000" id="feature19">
     <position x3="28.748000" y3="11.001000" z3="5.832000" tolerance="1.000000" />
    </volume>
    <volume type="exclusion" featureId="21" optional="false" disabled="false" weight="1.000000" id="feature20">
     <position x3="23.900000" y3="9.535000" z3="3.729000" tolerance="1.000000" />
    </volume>
    <volume type="exclusion" featureId="22" optional="false" disabled="false" weight="1.000000" id="feature21">
     <position x3="25.180000" y3="18.870000" z3="17.364000" tolerance="1.000000" />
    </volume>
    <volume type="exclusion" featureId="23" optional="false" disabled="false" weight="1.000000" id="feature22">
     <position x3="24.809000" y3="9.195000" z3="18.112000" tolerance="1.000000" />
    </volume>
    <volume type="exclusion" featureId="24" optional="false" disabled="false" weight="1.000000" id="feature23">
     <position x3="30.304000" y3="20.746000" z3="13.233000" tolerance="1.000000" />
    </volume>
    <volume type="exclusion" featureId="25" optional="false" disabled="false" weight="1.000000" id="feature24">
     <position x3="30.717000" y3="15.200000" z3="7.420000" tolerance="1.000000" />
    </volume>
    <volume type="exclusion" featureId="26" optional="false" disabled="false" weight="1.000000" id="feature25">
     <position x3="23.674000" y3="7.202000" z3="13.324000" tolerance="1.000000" />
    </volume>
    <volume type="exclusion" featureId="27" optional="false" disabled="false" weight="1.000000" id="feature26">
     <position x3="24.107000" y3="20.263000" z3="14.002000" tolerance="1.000000" />
    </volume>
   </pharmacophore>
  </alignmentElement>
 </ContainerPharmacophores>
</ElementContainer>
